   Compiling portable-atomic v1.15.0
   Compiling honggfuzz v0.5.62
   Compiling ms-cabinet v0.1.3
   Compiling libmkiso v0.1.4
error: failed to run custom build command for `honggfuzz v0.5.62`

Caused by:
  process didn't exit successfully: `/home/rick/projects-caddy/ms-package/target/honggfuzz/release/build/honggfuzz-01b2cd02654900c2/build-script-build` (exit status: 101)
  --- stdout
  make: Entering directory '/data/cache/cargo-registry-m6-m7-relocated1/src/index.crates.io-1949cf8c6b5b557f/honggfuzz-0.5.62/honggfuzz'
  gcc -c -O3 -mtune=native -funroll-loops -std=c11 -I/usr/local/include -D_GNU_SOURCE -Wall -Wextra -Werror -Wno-format-truncation -Wno-override-init -I/data/cache/cargo-registry-m6-m7-relocated1/src/index.crates.io-1949cf8c6b5b557f/honggfuzz-0.5.62/honggfuzz -D_FILE_OFFSET_BITS=64 -finline-limit=4000 -D_HF_ARCH_LINUX -D_HF_ARCH_LINUX -g -ggdb -g3  -o /home/rick/projects-caddy/ms-package/target/honggfuzz/x86_64-unknown-linux-gnu/release/build/honggfuzz-51db18cf977042fc/out/honggfuzz/linux/bfd.o linux/bfd.c
  make: Leaving directory '/data/cache/cargo-registry-m6-m7-relocated1/src/index.crates.io-1949cf8c6b5b557f/honggfuzz-0.5.62/honggfuzz'

  --- stderr
  warning: Skipping impure flag -mtune=native because NIX_ENFORCE_NO_NATIVE is set
  linux/bfd.c:28:10: fatal error: bfd.h: No such file or directory
     28 | #include <bfd.h>
        |          ^~~~~~~
  compilation terminated.
  make: *** [Makefile:317: /home/rick/projects-caddy/ms-package/target/honggfuzz/x86_64-unknown-linux-gnu/release/build/honggfuzz-51db18cf977042fc/out/honggfuzz/linux/bfd.o] Error 1

  thread 'main' (3848547) panicked at /home/rick/.cargo/registry/src/index.crates.io-1949cf8c6b5b557f/honggfuzz-0.5.62/build.rs:69:5:
  assertion failed: status.success()
  note: run with `RUST_BACKTRACE=1` environment variable to display a backtrace
warning: build failed, waiting for other jobs to finish...
