   Compiling proc-macro2 v1.0.107
   Compiling quote v1.0.47
   Compiling unicode-ident v1.0.26
   Compiling cfg-if v1.0.5
   Compiling version_check v0.9.5
   Compiling crc32fast v1.5.2
   Compiling rustversion v1.0.23
   Compiling memchr v2.8.3
   Compiling serde_core v1.0.229
   Compiling thiserror v2.0.21
   Compiling typenum v1.20.1
   Compiling libc v0.2.190
   Compiling hashbrown v0.17.1
   Compiling equivalent v1.0.2
   Compiling serde v1.0.229
   Compiling portable-atomic v1.15.0
   Compiling simd-adler32 v0.3.10
   Compiling adler2 v2.0.1
   Compiling ms-compress-ruzstd v0.9.1
   Compiling uuid v1.27.0
   Compiling core_detect v1.0.0
   Compiling scopeguard v1.2.0
   Compiling zip v2.4.2
   Compiling multiversion_no_op v1.0.0
   Compiling web-time v1.1.0
   Compiling zmij v1.0.23
   Compiling fnv v1.0.7
   Compiling cpufeatures v0.2.17
   Compiling simdutf8 v0.1.5
   Compiling byteorder v1.5.0
   Compiling miniz_oxide v0.9.1
   Compiling crc64fast v1.1.0
   Compiling serde_json v1.0.151
   Compiling base64 v0.22.1
   Compiling cfb v0.14.0
   Compiling itoa v1.0.18
   Compiling generic-array v0.14.7
   Compiling roxmltree v0.21.1
   Compiling quick-xml v0.38.4
   Compiling flate2 v1.1.10
   Compiling indexmap v2.14.2
   Compiling bytes v1.12.1
   Compiling encoding_rs v0.8.42
   Compiling ms-compress v0.1.2
   Compiling syn v3.0.6
   Compiling block-buffer v0.10.4
   Compiling crypto-common v0.1.7
   Compiling digest v0.10.7
   Compiling filetime v0.2.29
   Compiling sha2 v0.10.9
   Compiling tar v0.4.46
   Compiling zip v4.6.1
   Compiling caddy-msi v0.10.1
   Compiling thiserror-impl v2.0.21
   Compiling serde_derive v1.0.229
   Compiling displaydoc v0.2.7
   Compiling libmkiso v0.1.4
   Compiling woxml v0.6.0
   Compiling ms-cabinet v0.1.3
   Compiling caddy-archive-core v0.2.1
   Compiling ms-package v0.2.0 (/tmp/nix-shell.MxhYx9/ms-package-extracted-gzl0ru37/ms-package-0.2.0-source/ms-package)
    Finished `test` profile [unoptimized + debuginfo] target(s) in 8.62s
     Running unittests src/lib.rs (/tmp/nix-shell.MxhYx9/ms-package-release-target-gt45e6cd/debug/deps/ms_package-3a47b4fd60a4344e)

running 19 tests
test appx::tests::rejects_malformed_manifest_and_document_type ... ok
test appx::tests::rejects_traversing_block_map_names ... ok
test appx::tests::rejects_duplicate_block_map_files ... ok
test authoring::xml::tests::document_types_and_namespace_errors_fail_closed ... ok
test installer::tests::directory_cycles_and_short_long_names_are_checked ... ok
test authoring::xml::tests::escaped_attributes_round_trip_and_metadata_is_bounded ... ok
test installer::tests::malformed_compound_storage_is_rejected ... ok
test installer::tests::rejects_storage_larger_than_explicit_budget ... ok
test appx::tests::file_hash_extension_requires_declared_namespace_and_verified_digest ... ok
test installer_metadata::tests::rejects_truncated_pool_record ... ok
test installer_metadata::tests::rejects_extended_string_length_before_allocating_it ... ok
test appx::tests::validates_decoded_payload_and_detects_corruption ... ok
test installer_metadata::tests::cumulative_lengths_must_fit_the_data_stream ... ok
test installer::tests::embedded_external_and_missing_cabinet_media ... ok
test installer_metadata::tests::package_opener_rejects_invalid_pool_before_the_msi_parser ... ok
test installer::tests::raw_stream_reads_enforce_actual_byte_limit ... ok
test installer_metadata::tests::metadata_budget_excludes_payload_but_includes_string_data ... ok
test installer::tests::table_relationships_map_multiple_cabinets_and_source_names ... ok
test appx::tests::streaming_block_hashes_verify_arbitrary_chunks_without_buffering_files ... ok

test result: ok. 19 passed; 0 failed; 0 ignored; 0 measured; 0 filtered out; finished in 0.01s

     Running tests/authoring_appx.rs (/tmp/nix-shell.MxhYx9/ms-package-release-target-gt45e6cd/debug/deps/authoring_appx-afa68eb9bb4a27e5)

running 19 tests
test deflate_workspace_limit_fails_before_destination_changes ... ok
test manifest_storage_is_bounded_before_retention ... ok
test reserved_metadata_files_cannot_be_used_as_payload_directories ... ok
test destination_flush_errors_are_reported ... ok
test content_type_extensions_fail_instead_of_being_discarded ... ok
test malformed_metadata_and_source_integrity_fail_before_output ... ok
test deterministic_output_and_actual_source_limits ... ok
test manifest_references_block_payload_removal ... ok
test zip_headers_match_blockmap_and_part_names_are_uris ... ok
test read_failures_and_exact_output_budget ... ok
test source_payload_limit_is_checked_before_integrity_extraction ... ok
test signed_sources_reject_or_strip_signature ... ok
test custom_mime_and_manifest_extensions_survive_rebuilding ... ok
test sparse_external_content_is_rejected_using_its_namespace_and_boolean_value ... ok
test replacement_charges_final_decoded_size_and_case_only_rename_preserves_payload ... ok
test compressed_editor_rejects_wrong_physical_block_sizes ... ok
test short_reads_and_metadata_scratch_boundaries ... ok
test boundary_hashes_and_edit_operations_round_trip ... ok
test deflate_block_boundaries_and_metadata_layout_round_trip ... ok

test result: ok. 19 passed; 0 failed; 0 ignored; 0 measured; 0 filtered out; finished in 0.10s

     Running tests/authoring_bundle.rs (/tmp/nix-shell.MxhYx9/ms-package-release-target-gt45e6cd/debug/deps/authoring_bundle-f7d2b30f0cf907fd)

running 15 tests
test bundle_entry_limit_rejects_before_consuming_source ... ok
test bundle_identity_checks_reject_non_schema_values ... ok
test bundle_rejects_corrupted_nested_package_and_aggregate_limit ... ok
test bundle_rejects_duplicate_identity_and_publisher_mismatch ... ok
test resource_package_type_uses_property_and_preserves_resource_id ... ok
test invalid_nested_identity_and_resource_property_fail_during_add ... ok
test bundle_transfers_resource_qualifiers_and_rejects_unknown_attributes ... ok
test recorded_bundle_offsets_match_zip_payload_locations ... ok
test bundles_bind_identities_and_verify_nested_contents ... ok
test bundle_editor_rejects_custom_outer_content_types_without_discarding_them ... ok
test nested_payload_edit_updates_nested_and_outer_metadata ... ok
test bundle_editor_replaces_and_removes_packages ... ok
test resource_semantic_rules_fail_before_bundle_emission ... ok
test failed_replacement_and_nested_edit_preserve_previous_packages ... ok
test deflate_nested_packages_round_trip_and_enforce_decoded_file_limits ... ok

test result: ok. 15 passed; 0 failed; 0 ignored; 0 measured; 0 filtered out; finished in 0.02s

     Running tests/authoring_installer.rs (/tmp/nix-shell.MxhYx9/ms-package-release-target-gt45e6cd/debug/deps/authoring_installer-6bcb566d75e88b21)

running 16 tests
test declared_foreign_keys_are_checked_before_destination_is_touched ... ok
test destination_flush_failure_is_reported ... ok
test incomplete_foreign_key_declarations_cannot_be_emitted ... ok
test unrepresentable_strings_are_rejected_and_failed_edits_cannot_emit ... ok
test payload_editor_rejects_noncanonical_property_schema_without_panicking ... ok
test source_rows_and_streams_are_bounded ... ok
test copy_edit_preserves_custom_schema_summary_and_truncates_stream ... ok
test signed_sources_reject_both_signature_policies ... ok
test row_edit_operations_preserve_primary_key_constraints ... ok
test minimal_profile_coordinates_cabinet_and_explicit_identities ... ok
test replacement_read_reserves_existing_payload_scratch ... ok
test payload_editor_rejects_unknown_preservation_and_reused_package_codes ... ok
test detailed_reports_distinguish_raw_validation_and_exact_identity_changes ... ok
test payload_editor_rejects_identity_collisions_and_retired_components ... ok
test canonical_payload_edits_rebuild_all_related_metadata ... ok
test canonical_external_loose_and_partitioned_media_roundtrip ... ok

test result: ok. 16 passed; 0 failed; 0 ignored; 0 measured; 0 filtered out; finished in 0.31s

     Running tests/authoring_installer_media.rs (/tmp/nix-shell.MxhYx9/ms-package-release-target-gt45e6cd/debug/deps/authoring_installer_media-f789af8626d4872b)

running 4 tests
test loose_relative_names_are_explicit_and_exact_resource_boundary_succeeds ... ok
test media_path_conflicts_and_limits_fail_before_opening_any_destination ... ok
test caller_media_sink_reports_only_flushed_and_finalized_artifacts ... ok
test partial_write_flush_and_finalization_errors_retain_completion_context ... ok

test result: ok. 4 passed; 0 failed; 0 ignored; 0 measured; 0 filtered out; finished in 0.00s

     Running tests/authoring_qualified_fixtures.rs (/tmp/nix-shell.MxhYx9/ms-package-release-target-gt45e6cd/debug/deps/authoring_qualified_fixtures-95d25c6f519bbf76)

running 2 tests
test independently_unpacked_stored_package_retains_payload_integrity ... ok
test independently_unbundled_architecture_packages_validate_separately ... ok

test result: ok. 2 passed; 0 failed; 0 ignored; 0 measured; 0 filtered out; finished in 0.00s

     Running tests/msi_malformed_metadata.rs (/tmp/nix-shell.MxhYx9/ms-package-release-target-gt45e6cd/debug/deps/msi_malformed_metadata-1c2cdab9c317fd5f)

running 1 test
test null_required_column_type_is_rejected_without_panicking ... ok

test result: ok. 1 passed; 0 failed; 0 ignored; 0 measured; 0 filtered out; finished in 0.00s

     Running unittests examples/author_appx.rs (/tmp/nix-shell.MxhYx9/ms-package-release-target-gt45e6cd/debug/examples/author_appx-448faf263920a1c5)

running 0 tests

test result: ok. 0 passed; 0 failed; 0 ignored; 0 measured; 0 filtered out; finished in 0.00s

     Running unittests examples/author_appx_deflate.rs (/tmp/nix-shell.MxhYx9/ms-package-release-target-gt45e6cd/debug/examples/author_appx_deflate-852c9872b96e9634)

running 0 tests

test result: ok. 0 passed; 0 failed; 0 ignored; 0 measured; 0 filtered out; finished in 0.00s

     Running unittests examples/author_bundle.rs (/tmp/nix-shell.MxhYx9/ms-package-release-target-gt45e6cd/debug/examples/author_bundle-aaf54f25bd7ef59c)

running 0 tests

test result: ok. 0 passed; 0 failed; 0 ignored; 0 measured; 0 filtered out; finished in 0.00s

     Running unittests examples/author_installer.rs (/tmp/nix-shell.MxhYx9/ms-package-release-target-gt45e6cd/debug/examples/author_installer-52f0b77953031526)

running 0 tests

test result: ok. 0 passed; 0 failed; 0 ignored; 0 measured; 0 filtered out; finished in 0.00s

     Running unittests examples/browser_fixtures.rs (/tmp/nix-shell.MxhYx9/ms-package-release-target-gt45e6cd/debug/examples/browser_fixtures-36a24a46871c3d91)

running 3 tests
test tests::resource_bundle_uses_standard_neutral_architecture_and_type_defaults ... ok
test tests::bundle_fixture_binding_integrity_and_explicit_selection_limits ... ok
test tests::ordinary_external_installer_media_matches_embedded_payload ... ok

test result: ok. 3 passed; 0 failed; 0 ignored; 0 measured; 0 filtered out; finished in 0.01s

   Compiling ms-package v0.2.0 (/tmp/nix-shell.MxhYx9/ms-package-extracted-gzl0ru37/ms-package-0.2.0-source/ms-package)
    Finished `test` profile [unoptimized + debuginfo] target(s) in 0.35s
   Doc-tests ms_package

running 1 test
test src/lib.rs - (line 7) - compile ... ok

test result: ok. 1 passed; 0 failed; 0 ignored; 0 measured; 0 filtered out; finished in 0.00s

all doctests ran in 0.35s; merged doctests compilation took 0.35s
    Finished `test` profile [unoptimized + debuginfo] target(s) in 0.06s
   Doc-tests ms_package

running 4 tests
test src/lib.rs - (line 7) - compile ... ok
test src/authoring/appx.rs - authoring::appx::AppxBuilder (line 30) ... ok
test src/authoring/bundle.rs - authoring::bundle::AppxBundleBuilder (line 28) ... ok
test src/authoring/installer.rs - authoring::installer::InstallerDatabaseBuilder (line 167) ... ok

test result: ok. 4 passed; 0 failed; 0 ignored; 0 measured; 0 filtered out; finished in 0.00s

all doctests ran in 0.98s; merged doctests compilation took 0.97s
    Checking cfg-if v1.0.5
    Checking typenum v1.20.1
    Checking simd-adler32 v0.3.10
    Checking adler2 v2.0.1
    Checking hashbrown v0.17.1
    Checking equivalent v1.0.2
    Checking memchr v2.8.3
    Checking ms-compress-ruzstd v0.9.1
    Checking fnv v1.0.7
    Checking simdutf8 v0.1.5
    Checking uuid v1.27.0
    Checking core_detect v1.0.0
    Checking cpufeatures v0.2.17
    Checking web-time v1.1.0
    Checking scopeguard v1.2.0
    Checking libc v0.2.190
    Checking serde_core v1.0.229
    Checking crc64fast v1.1.0
    Checking byteorder v1.5.0
    Checking base64 v0.22.1
    Checking crc32fast v1.5.2
    Checking thiserror v2.0.21
    Checking libmkiso v0.1.4
    Checking miniz_oxide v0.9.1
    Checking encoding_rs v0.8.42
    Checking cfb v0.14.0
    Checking quick-xml v0.38.4
    Checking indexmap v2.14.2
    Checking flate2 v1.1.10
    Checking generic-array v0.14.7
    Checking ms-compress v0.1.2
    Checking caddy-msi v0.10.1
    Checking zip v4.6.1
    Checking block-buffer v0.10.4
    Checking crypto-common v0.1.7
    Checking filetime v0.2.29
    Checking digest v0.10.7
    Checking tar v0.4.46
    Checking sha2 v0.10.9
    Checking serde v1.0.229
    Checking ms-cabinet v0.1.3
    Checking caddy-archive-core v0.2.1
    Checking ms-package v0.2.0 (/tmp/nix-shell.MxhYx9/ms-package-extracted-gzl0ru37/ms-package-0.2.0-source/ms-package)
    Finished `dev` profile [unoptimized + debuginfo] target(s) in 2.09s
   Compiling wasm-bindgen-shared v0.2.129
   Compiling bumpalo v3.20.3
   Compiling syn v3.0.6
    Checking portable-atomic v1.15.0
    Checking unicode-ident v1.0.26
    Checking roxmltree v0.21.1
    Checking once_cell v1.21.4
   Compiling wasm-bindgen v0.2.129
    Checking bytes v1.12.1
   Compiling wasm-bindgen-macro-support v0.2.129
   Compiling thiserror-impl v2.0.21
   Compiling serde_derive v1.0.229
   Compiling displaydoc v0.2.7
    Checking thiserror v2.0.21
    Checking libmkiso v0.1.4
    Checking woxml v0.6.0
    Checking zip v2.4.2
    Checking serde v1.0.229
    Checking ms-cabinet v0.1.3
   Compiling wasm-bindgen-macro v0.2.129
    Checking caddy-archive-core v0.2.1
    Checking ms-package v0.2.0 (/tmp/nix-shell.MxhYx9/ms-package-extracted-gzl0ru37/ms-package-0.2.0-source/ms-package)
    Checking ms-package-authoring-worker-check v0.0.0 (/tmp/nix-shell.MxhYx9/ms-package-extracted-gzl0ru37/ms-package-0.2.0-source/ms-package/tests/browser-authoring)
    Finished `dev` profile [unoptimized + debuginfo] target(s) in 3.77s
