Microsoft (R) MakeAppx Tool

Copyright (C) 2013 Microsoft.  All rights reserved.



The path (/p) parameter is: "\\?\C:\Users\deploy\deflate-native-repacked.edited.msix"

The output directory (/d) parameter is: "\\?\C:\Users\deploy\deflate-native-repacked-edited-output"

Unpacking "\\?\C:\Users\deploy\deflate-native-repacked.edited.msix" (package name) to "\\?\C:\Users\deploy\deflate-native-repacked-edited-output" (output directory).

Extracting file AppxManifest.xml to \\?\C:\Users\deploy\deflate-native-repacked-edited-output\AppxManifest.xml

Extracting file AppxBlockMap.xml to \\?\C:\Users\deploy\deflate-native-repacked-edited-output\AppxBlockMap.xml

Extracting file incompressible-0.bin to \\?\C:\Users\deploy\deflate-native-repacked-edited-output\incompressible-0.bin

Extracting file incompressible-1.bin to \\?\C:\Users\deploy\deflate-native-repacked-edited-output\incompressible-1.bin

Extracting file incompressible-131072.bin to \\?\C:\Users\deploy\deflate-native-repacked-edited-output\incompressible-131072.bin

Extracting file incompressible-196609.bin to \\?\C:\Users\deploy\deflate-native-repacked-edited-output\incompressible-196609.bin

Extracting file incompressible-65535.bin to \\?\C:\Users\deploy\deflate-native-repacked-edited-output\incompressible-65535.bin

Extracting file incompressible-65536.bin to \\?\C:\Users\deploy\deflate-native-repacked-edited-output\incompressible-65536.bin

Extracting file incompressible-65537.bin to \\?\C:\Users\deploy\deflate-native-repacked-edited-output\incompressible-65537.bin

Extracting file logo.png to \\?\C:\Users\deploy\deflate-native-repacked-edited-output\logo.png

Extracting file repetitive-0.bin to \\?\C:\Users\deploy\deflate-native-repacked-edited-output\repetitive-0.bin

Extracting file repetitive-1.bin to \\?\C:\Users\deploy\deflate-native-repacked-edited-output\repetitive-1.bin

Extracting file repetitive-131072.bin to \\?\C:\Users\deploy\deflate-native-repacked-edited-output\repetitive-131072.bin

Extracting file repetitive-196609.bin to \\?\C:\Users\deploy\deflate-native-repacked-edited-output\repetitive-196609.bin

Extracting file repetitive-65535.bin to \\?\C:\Users\deploy\deflate-native-repacked-edited-output\repetitive-65535.bin

Extracting file repetitive-65536.bin to \\?\C:\Users\deploy\deflate-native-repacked-edited-output\repetitive-65536.bin

Extracting file repetitive-65537.bin to \\?\C:\Users\deploy\deflate-native-repacked-edited-output\repetitive-65537.bin

Package extraction succeeded.

#< CLIXML
TOOL_EXIT=0
<Objs Version="1.1.0.1" xmlns="http://schemas.microsoft.com/powershell/2004/04"><Obj S="progress" RefId="0"><TN RefId="0"><T>System.Management.Automation.PSCustomObject</T><T>System.Object</T></TN><MS><I64 N="SourceId">1</I64><PR N="Record"><AV>Preparing modules for first use.</AV><AI>0</AI><Nil /><PI>-1</PI><PC>-1</PC><T>Completed</T><SR>-1</SR><SD> </SD></PR></MS></Obj></Objs>