    Blocking waiting for file lock on build directory
   Compiling ms-package v0.2.2 (/home/rick/projects-caddy/ms-package)
   Compiling ms-package-fuzz v0.1.0 (/home/rick/projects-caddy/ms-package/fuzz)
    Finished `test` profile [unoptimized + debuginfo] target(s) in 5.72s
     Running unittests src/lib.rs (/data/cache/rust/debug/deps/ms_package_fuzz-3fde816f5b9cd557)

running 1 test
test smoke::corpus_and_truncations_exercise_owned_harnesses has been running for over 60 seconds
test smoke::corpus_and_truncations_exercise_owned_harnesses ... ok

test result: ok. 1 passed; 0 failed; 0 ignored; 0 measured; 0 filtered out; finished in 63.70s

     Running unittests src/bin/appx.rs (/data/cache/rust/debug/deps/appx-9b25741e05176300)

running 0 tests

test result: ok. 0 passed; 0 failed; 0 ignored; 0 measured; 0 filtered out; finished in 0.00s

     Running unittests src/bin/authoring.rs (/data/cache/rust/debug/deps/authoring-bb8dd2f30cffc123)

running 0 tests

test result: ok. 0 passed; 0 failed; 0 ignored; 0 measured; 0 filtered out; finished in 0.00s

     Running unittests src/bin/msi.rs (/data/cache/rust/debug/deps/msi-b2f037475758dccc)

running 0 tests

test result: ok. 0 passed; 0 failed; 0 ignored; 0 measured; 0 filtered out; finished in 0.00s

     Running unittests src/bin/replay.rs (/data/cache/rust/debug/deps/replay-241c200ff3cd3b8d)

running 0 tests

test result: ok. 0 passed; 0 failed; 0 ignored; 0 measured; 0 filtered out; finished in 0.00s

     Running unittests src/bin/seed.rs (/data/cache/rust/debug/deps/seed-ea5e2ed088f18f69)

running 0 tests

test result: ok. 0 passed; 0 failed; 0 ignored; 0 measured; 0 filtered out; finished in 0.00s

   Doc-tests ms_package_fuzz

running 0 tests

test result: ok. 0 passed; 0 failed; 0 ignored; 0 measured; 0 filtered out; finished in 0.00s

